Traceback (most recent call last):
  File "C:\Users\laure\anaconda3\Lib\site-packages\jupyter_core\utils\__init__.py", line 154, in wrapped
    asyncio.get_running_loop()
    ~~~~~~~~~~~~~~~~~~~~~~~~^^
RuntimeError: no running event loop

During handling of the above exception, another exception occurred:

Traceback (most recent call last):
  File "C:\Users\laure\anaconda3\Lib\site-packages\jupyter_cache\executors\utils.py", line 58, in single_nb_execution
    executenb(
    ~~~~~~~~~^
        nb,
        ^^^
    ...<4 lines>...
        **kwargs,
        ^^^^^^^^^
    )
    ^
  File "C:\Users\laure\anaconda3\Lib\site-packages\nbclient\client.py", line 1319, in execute
    return NotebookClient(nb=nb, resources=resources, km=km, **kwargs).execute()
           ~~~~~~~~~~~~~~~~~~~~~~~~~~~~~~~~~~~~~~~~~~~~~~~~~~~~~~~~~~~~~~~~~~~^^
  File "C:\Users\laure\anaconda3\Lib\site-packages\jupyter_core\utils\__init__.py", line 158, in wrapped
    return loop.run_until_complete(inner)
           ~~~~~~~~~~~~~~~~~~~~~~~^^^^^^^
  File "C:\Users\laure\anaconda3\Lib\asyncio\base_events.py", line 725, in run_until_complete
    return future.result()
           ~~~~~~~~~~~~~^^
  File "C:\Users\laure\anaconda3\Lib\site-packages\nbclient\client.py", line 709, in async_execute
    await self.async_execute_cell(
        cell, index, execution_count=self.code_cells_executed + 1
    )
  File "C:\Users\laure\anaconda3\Lib\site-packages\nbclient\client.py", line 1062, in async_execute_cell
    await self._check_raise_for_error(cell, cell_index, exec_reply)
  File "C:\Users\laure\anaconda3\Lib\site-packages\nbclient\client.py", line 918, in _check_raise_for_error
    raise CellExecutionError.from_cell_and_msg(cell, exec_reply_content)
nbclient.exceptions.CellExecutionError: An error occurred while executing the following cell:
------------------
PALETA = {
    "sky": "#62C4DA",
    "coral": "#FA855A",
    "peach": "#FFDE96",
    "tomato": "#C93638",
    "honeydew": "#F6FFEA",
}

# Balance de clases (variable objetivo)
df_plot = df.copy()
df_plot["HeartDisease"] = df_plot["HeartDisease"].map({0: "No enfermedad", 1: "Enfermedad"})

fig = px.histogram(
    df_plot,
    x="HeartDisease",
    color="HeartDisease",
    title="Distribución de la variable objetivo (HeartDisease)",
    text_auto=True,
    color_discrete_map={"No enfermedad": PALETA["sky"], "Enfermedad": PALETA["tomato"]}
)
fig.update_layout(bargap=0.2, showlegend=False, xaxis_title="", yaxis_title="Pacientes")
fig.show()

# Distribución de la edad
fig_age = px.histogram(
    df, x="Age", nbins=30, marginal="box",
    title="Distribución de la edad",
    color_discrete_sequence=[PALETA["coral"]]
)
fig_age.update_layout(bargap=0.05, xaxis_title="Edad", yaxis_title="Pacientes")
fig_age.show()
------------------


[31m---------------------------------------------------------------------------[39m
[31mNameError[39m                                 Traceback (most recent call last)
[36mCell[39m[36m [39m[32mIn[5][39m[32m, line 13[39m
[32m     10[39m df_plot = df.copy()
[32m     11[39m df_plot[[33m"[39m[33mHeartDisease[39m[33m"[39m] = df_plot[[33m"[39m[33mHeartDisease[39m[33m"[39m].map({[32m0[39m: [33m"[39m[33mNo enfermedad[39m[33m"[39m, [32m1[39m: [33m"[39m[33mEnfermedad[39m[33m"[39m})
[32m---> [39m[32m13[39m fig = [43mpx[49m.histogram(
[32m     14[39m     df_plot,
[32m     15[39m     x=[33m"[39m[33mHeartDisease[39m[33m"[39m,
[32m     16[39m     color=[33m"[39m[33mHeartDisease[39m[33m"[39m,
[32m     17[39m     title=[33m"[39m[33mDistribución de la variable objetivo (HeartDisease)[39m[33m"[39m,
[32m     18[39m     text_auto=[38;5;28;01mTrue[39;00m,
[32m     19[39m     color_discrete_map={[33m"[39m[33mNo enfermedad[39m[33m"[39m: PALETA[[33m"[39m[33msky[39m[33m"[39m], [33m"[39m[33mEnfermedad[39m[33m"[39m: PALETA[[33m"[39m[33mtomato[39m[33m"[39m]}
[32m     20[39m )
[32m     21[39m fig.update_layout(bargap=[32m0.2[39m, showlegend=[38;5;28;01mFalse[39;00m, xaxis_title=[33m"[39m[33m"[39m, yaxis_title=[33m"[39m[33mPacientes[39m[33m"[39m)
[32m     22[39m fig.show()

[31mNameError[39m: name 'px' is not defined

